// Jest Snapshot v1, https://goo.gl/fbAQLP

exports[`should render ErrorMessage correctly 1`] = `
<div
  className="error-message"
>
  Test error message
</div>
`;
