// Jest Snapshot v1, https://goo.gl/fbAQLP

exports[`should render Header correctly 1`] = `
<header
  className="page-header"
>
  <div
    className="container"
  >
    <h1
      className="page-header__title"
    >
      Destinations app
    </h1>
  </div>
</header>
`;
