// Jest Snapshot v1, https://goo.gl/fbAQLP

exports[`should render PointList with points 1`] = `
<Reorder
  callback={[Function]}
  holdTime="100"
  itemClass="list-item"
  itemClicked={[Function]}
  itemKey="pointId"
  list={
    Array [
      Object {
        "latLng": Object {
          "lat": 56.80950300000001,
          "lng": 60.606506999999965,
        },
        "pointId": "ChIJc8sXNttuwUMRWSTSqEBCxrY",
        "pointName": "Point one",
      },
      Object {
        "latLng": Object {
          "lat": 56.8073729,
          "lng": 60.62031009999998,
        },
        "pointId": "ChIJASguT89uwUMRMbx0H8V2uNk",
        "pointName": "Point two",
      },
      Object {
        "latLng": Object {
          "lat": 56.854948,
          "lng": 60.661017000000015,
        },
        "pointId": "ChIJ6TiVJjVswUMRRi8Evo28BM4",
        "pointName": "Point three",
      },
    ]
  }
  lock="horizontal"
  template={[Function]}
/>
`;
